// Vitest Snapshot v1, https://vitest.dev/guide/snapshot.html

exports[`Scrap > スナップショット Sample 1`] = `
<body>
  <div>
    <article
      class="scrap_scrapStyles_root__5pfflo0"
    >
      <div
        class="scrap_scrapStyles_dateWrapper__5pfflo1"
      >
        <time>
          2020-10-23
        </time>
      </div>
      <div
        class="scrap_scrapStyles_body__5pfflo2"
      >
        <div
          style="border-radius: var(--radius-100__1874wf71g);"
        >
          Children
        </div>
      </div>
    </article>
  </div>
</body>
`;
