// Vitest Snapshot v1, https://vitest.dev/guide/snapshot.html

exports[`BookView > スナップショット Sample 1`] = `
<body>
  <div>
    <div
      class="book-view_bookViewStyles_root__19xudmx0"
    >
      <div
        class="flex_flexStyle__zqca9ti flex_flexStyle_align_stretch__zqca9tu flex_flexStyle_variants_align_stretch__zqca9t9 flex_flexStyle_direction_row__zqca9tj flex_flexStyle_gap_200__zqca9tz flex_flexStyle_variants_gap_200__zqca9te flex_flexStyle_justify_flexStart__zqca9tl flex_flexStyle_variants_justify_flexStart__zqca9t0"
      >
        <div
          class="book-view_bookViewStyles_imageWrapper__19xudmx1"
        >
          <img
            alt="BookTitle"
            src="https://placehold.jp/3063D4/ffffff/150x200.png"
            width="100"
          />
        </div>
        <div
          class="book-view_bookViewStyles_description__19xudmx2"
        >
          <div>
            <p
              class="text_textStyle__1djq151e text_textStyle_color_currentColor__1djq151i text_textStyle_variants_color_currentColor__1djq1513 text_textStyle_size_300__1djq151n text_textStyle_variants_size_300__1djq1518 text_textStyle_weight_bold__1djq151t"
            >
              BookTitle
            </p>
          </div>
          <div>
            <div
              class="flex_flexStyle__zqca9ti flex_flexStyle_align_stretch__zqca9tu flex_flexStyle_variants_align_stretch__zqca9t9 flex_flexStyle_direction_row__zqca9tj flex_flexStyle_gap_50__zqca9tx flex_flexStyle_variants_gap_50__zqca9tc flex_flexStyle_justify_flexStart__zqca9tl flex_flexStyle_variants_justify_flexStart__zqca9t0"
            >
              <span
                class="text_textStyle__1djq151e text_textStyle_color_secondary__1djq151g text_textStyle_variants_color_secondary__1djq1511 text_textStyle_size_50__1djq151j text_textStyle_variants_size_50__1djq1514 text_textStyle_weight_normal__1djq151u"
              >
                syakoo
              </span>
              <span
                class="text_textStyle__1djq151e text_textStyle_color_secondary__1djq151g text_textStyle_variants_color_secondary__1djq1511 text_textStyle_size_50__1djq151j text_textStyle_variants_size_50__1djq1514 text_textStyle_weight_normal__1djq151u"
              >
                2022-04-07
              </span>
            </div>
            <a
              class="link_linkStyle__1vz8ftz0 link_linkStyle_colored_true__1vz8ftz1 link_linkStyle_underlined_true__1vz8ftz2"
              href="/"
            >
              <span
                class="text_textStyle__1djq151e text_textStyle_color_currentColor__1djq151i text_textStyle_variants_color_currentColor__1djq1513 text_textStyle_size_50__1djq151j text_textStyle_variants_size_50__1djq1514 text_textStyle_weight_normal__1djq151u"
              >
                Amazon
              </span>
            </a>
          </div>
        </div>
      </div>
    </div>
  </div>
</body>
`;
