// Jest Snapshot v1, https://goo.gl/fbAQLP

exports[`Image renders Sample 1`] = `
<body>
  <div>
    <figure
      class="Image_imageStyles_figure__1gl6a7w0"
    >
      <img
        alt="Sample Caption"
        class="Image_imageStyles_image__1gl6a7w2"
        height="300"
        src="https://placehold.jp/3063D4/ffffff/400x300.png"
        width="400"
      />
      <figcaption
        class="Image_imageStyles_caption__1gl6a7w1"
      >
        Sample Caption
      </figcaption>
    </figure>
  </div>
</body>
`;
