// Vitest Snapshot v1, https://vitest.dev/guide/snapshot.html

exports[`Container > スナップショット Sample 1`] = `
<body>
  <div>
    <div
      style="display: flex; flex-direction: column; gap: 50px;"
    >
      <div>
        <div
          class="container_containerStyle__spksue3 container_containerStyle_size_100__spksue5 container_containerStyle_variants_size_100__spksue1"
        >
          <div
            style="border-radius: var(--radius-100__1874wf71g); padding: 50px;"
          >
            size: 100 (default)
          </div>
        </div>
      </div>
      <div>
        <div
          class="container_containerStyle__spksue3 container_containerStyle_size_50__spksue4 container_containerStyle_variants_size_50__spksue0"
        >
          <div
            style="border-radius: var(--radius-100__1874wf71g); padding: 50px;"
          >
            size: 50
          </div>
        </div>
      </div>
    </div>
  </div>
</body>
`;
