// Jest Snapshot v1, https://goo.gl/fbAQLP

exports[`Choices renders Sample 1`] = `
<body>
  <div>
    <div
      class="Choices_choicesStyle__2iuady0"
    >
      <button
        class="Choices_choiceStyle__2iuady1"
      >
        wrong answer
      </button>
      <button
        class="Choices_choiceStyle__2iuady1"
      >
        correct answer
      </button>
      <button
        class="Choices_choiceStyle__2iuady1"
      >
        wrong answer
      </button>
    </div>
  </div>
</body>
`;
