// Jest Snapshot v1, https://goo.gl/fbAQLP

exports[`Container スナップショット Sample 1`] = `
<body>
  <div>
    <div
      style="display: flex; flex-direction: column; gap: 50px;"
    >
      <div>
        <div
          class="Container_containerStyle__1b3ljla3 Container_containerStyle_size_100__1b3ljla5 Container_containerStyle_variants_size_100__1b3ljla1"
        >
          <div
            style="border-radius: var(--radius-100__13jk9q11g); padding: 50px;"
          >
            size: 100 (default)
          </div>
        </div>
      </div>
      <div>
        <div
          class="Container_containerStyle__1b3ljla3 Container_containerStyle_size_50__1b3ljla4 Container_containerStyle_variants_size_50__1b3ljla0"
        >
          <div
            style="border-radius: var(--radius-100__13jk9q11g); padding: 50px;"
          >
            size: 50
          </div>
        </div>
      </div>
    </div>
  </div>
</body>
`;
