// Jest Snapshot v1, https://goo.gl/fbAQLP

exports[`Links renders Sample 1`] = `
<body>
  <div>
    <ul
      class="Flex_flexStyle__15ivi84i Flex_flexStyle_align_stretch__15ivi84u Flex_flexStyle_variants_align_stretch__15ivi849 Flex_flexStyle_direction_row__15ivi84j Flex_flexStyle_gap_100__15ivi84y Flex_flexStyle_variants_gap_100__15ivi84d Flex_flexStyle_justify_flexStart__15ivi84l Flex_flexStyle_variants_justify_flexStart__15ivi840"
    >
      <li>
        <a
          class="Link_linkStyle__m4v9430"
          href="#"
        >
          <div
            class="Links_linkStyle__yhrdxz0"
            title="Name1"
          >
            <img
              alt="Name1"
              class="Links_linkImageStyle__yhrdxz1"
              data-nimg="1"
              decoding="async"
              height="50"
              loading="lazy"
              src="/_next/image?url=https%3A%2F%2Fplacehold.jp%2F3063D4%2Fffffff%2F50x50.png&w=128&q=75"
              srcset="/_next/image?url=https%3A%2F%2Fplacehold.jp%2F3063D4%2Fffffff%2F50x50.png&w=64&q=75 1x, /_next/image?url=https%3A%2F%2Fplacehold.jp%2F3063D4%2Fffffff%2F50x50.png&w=128&q=75 2x"
              style="color: transparent;"
              width="50"
            />
          </div>
        </a>
      </li>
      <li>
        <a
          class="Link_linkStyle__m4v9430"
          href="#"
        >
          <div
            class="Links_linkStyle__yhrdxz0"
            title="Name2"
          >
            <img
              alt="Name2"
              class="Links_linkImageStyle__yhrdxz1"
              data-nimg="1"
              decoding="async"
              height="50"
              loading="lazy"
              src="/_next/image?url=https%3A%2F%2Fplacehold.jp%2F294e80%2Fffffff%2F50x50.png&w=128&q=75"
              srcset="/_next/image?url=https%3A%2F%2Fplacehold.jp%2F294e80%2Fffffff%2F50x50.png&w=64&q=75 1x, /_next/image?url=https%3A%2F%2Fplacehold.jp%2F294e80%2Fffffff%2F50x50.png&w=128&q=75 2x"
              style="color: transparent;"
              width="50"
            />
          </div>
        </a>
      </li>
      <li>
        <a
          class="Link_linkStyle__m4v9430"
          href="#"
        >
          <div
            class="Links_linkStyle__yhrdxz0"
            title="Name3"
          >
            <img
              alt="Name3"
              class="Links_linkImageStyle__yhrdxz1"
              data-nimg="1"
              decoding="async"
              height="100"
              loading="lazy"
              src="/_next/image?url=https%3A%2F%2Fplacehold.jp%2F00ABEE%2Fffffff%2F100x100.png&w=256&q=75"
              srcset="/_next/image?url=https%3A%2F%2Fplacehold.jp%2F00ABEE%2Fffffff%2F100x100.png&w=128&q=75 1x, /_next/image?url=https%3A%2F%2Fplacehold.jp%2F00ABEE%2Fffffff%2F100x100.png&w=256&q=75 2x"
              style="color: transparent;"
              width="100"
            />
          </div>
        </a>
      </li>
    </ul>
  </div>
</body>
`;
