// Jest Snapshot v1, https://goo.gl/fbAQLP

exports[`Links renders Sample 1`] = `
<body>
  <div>
    <ul
      class="Flex_flexStyle__15ivi84i Flex_flexStyle_align_stretch__15ivi84u Flex_flexStyle_variants_align_stretch__15ivi849 Flex_flexStyle_direction_row__15ivi84j Flex_flexStyle_gap_100__15ivi84y Flex_flexStyle_variants_gap_100__15ivi84d Flex_flexStyle_justify_flexStart__15ivi84l Flex_flexStyle_variants_justify_flexStart__15ivi840"
    >
      <li>
        <a
          class="Link_linkStyle__m4v9430"
          href="#"
        >
          <div
            class="Links_linkStyle__yhrdxz0"
            title="Name1"
          >
            <img
              alt="Name1"
              class="Links_linkImageStyle__yhrdxz1"
              height="50"
              src="https://placehold.jp/3063D4/ffffff/50x50.png"
              width="50"
            />
          </div>
        </a>
      </li>
      <li>
        <a
          class="Link_linkStyle__m4v9430"
          href="#"
        >
          <div
            class="Links_linkStyle__yhrdxz0"
            title="Name2"
          >
            <img
              alt="Name2"
              class="Links_linkImageStyle__yhrdxz1"
              height="50"
              src="https://placehold.jp/294e80/ffffff/50x50.png"
              width="50"
            />
          </div>
        </a>
      </li>
      <li>
        <a
          class="Link_linkStyle__m4v9430"
          href="#"
        >
          <div
            class="Links_linkStyle__yhrdxz0"
            title="Name3"
          >
            <img
              alt="Name3"
              class="Links_linkImageStyle__yhrdxz1"
              height="100"
              src="https://placehold.jp/00ABEE/ffffff/100x100.png"
              width="100"
            />
          </div>
        </a>
      </li>
    </ul>
  </div>
</body>
`;
