// Vitest Snapshot v1, https://vitest.dev/guide/snapshot.html

exports[`BadgeLink > スナップショット Sample 1`] = `
<body>
  <div>
    <a
      class="link_linkStyle__1vz8ftz0 link_linkStyle_noHovered_true__1vz8ftz3 link_linkStyle_noTransparent_true__1vz8ftz5"
      href="https://syakoo-lab.com"
    >
      <div
        class="badge-link_styles_container__jnr83m0"
      >
        <div
          class="flex_flexStyle__zqca9ti flex_flexStyle_align_center__zqca9ts flex_flexStyle_variants_align_center__zqca9t7 flex_flexStyle_direction_row__zqca9tj flex_flexStyle_gap_50__zqca9tx flex_flexStyle_variants_gap_50__zqca9tc flex_flexStyle_justify_flexStart__zqca9tl flex_flexStyle_variants_justify_flexStart__zqca9t0"
        >
          <div
            class="badge-link_styles_iconWrapper__jnr83m1"
            style="background-color: rgb(48, 99, 212);"
          >
            <svg
              color="var(--color-text-primary__1874wf7c)"
              fill="none"
              stroke="currentColor"
              stroke-width="1.5"
              viewBox="0 0 24 24"
              xmlns="http://www.w3.org/2000/svg"
            >
              <path
                d="M13.19 8.688a4.5 4.5 0 0 1 1.242 7.244l-4.5 4.5a4.5 4.5 0 0 1-6.364-6.364l1.757-1.757m13.35-.622 1.757-1.757a4.5 4.5 0 0 0-6.364-6.364l-4.5 4.5a4.5 4.5 0 0 0 1.242 7.244"
                stroke-linecap="round"
                stroke-linejoin="round"
              />
            </svg>
          </div>
          <span
            class="text_textStyle__1djq151e text_textStyle_color_primary__1djq151f text_textStyle_variants_color_primary__1djq1510 text_textStyle_size_75__1djq151k text_textStyle_variants_size_75__1djq1515 text_textStyle_weight_normal__1djq151u"
          >
            Syakoo Lab
          </span>
        </div>
      </div>
    </a>
  </div>
</body>
`;
