// Jest Snapshot v1, https://goo.gl/fbAQLP

exports[`TOC スナップショット Sample 1`] = `
<body>
  <div>
    <nav>
      <p
        class="text_textStyle__1djq151e text_textStyle_color_currentColor__1djq151i text_textStyle_variants_color_currentColor__1djq1513 text_textStyle_size_100__1djq151l text_textStyle_variants_size_100__1djq1516 text_textStyle_weight_bold__1djq151t"
      >
        目次
      </p>
      <ul
        class="toc_tocStyles_list__1yz9ns40"
      >
        <li
          class="toc_tocStyles_item__1yz9ns41"
        >
          <a
            class="link_linkStyle__1vz8ftz0 link_linkStyle_noHovered_true__1vz8ftz3 link_linkStyle_display_block__1vz8ftz4"
            href="#"
          >
            導入
          </a>
        </li>
        <li
          class="toc_tocStyles_item__1yz9ns41 toc_tocStyles_item_active_true__1yz9ns42"
        >
          <a
            class="link_linkStyle__1vz8ftz0 link_linkStyle_noHovered_true__1vz8ftz3 link_linkStyle_display_block__1vz8ftz4"
            href="#"
          >
            基本的な概念
          </a>
        </li>
        <li
          class="toc_tocStyles_item__1yz9ns41"
        >
          <a
            class="link_linkStyle__1vz8ftz0 link_linkStyle_noHovered_true__1vz8ftz3 link_linkStyle_display_block__1vz8ftz4"
            href="#"
          >
            開発環境のセットアップ
          </a>
        </li>
        <li
          class="toc_tocStyles_item__1yz9ns41"
        >
          <a
            class="link_linkStyle__1vz8ftz0 link_linkStyle_noHovered_true__1vz8ftz3 link_linkStyle_display_block__1vz8ftz4"
            href="#"
          >
            プログラミングの基礎
          </a>
        </li>
      </ul>
    </nav>
  </div>
</body>
`;
