// Jest Snapshot v1, https://goo.gl/fbAQLP

exports[`AboutMe スナップショット Sample 1`] = `
<body>
  <div>
    <section
      class="flex_flexStyle__zqca9ti flex_flexStyle_align_stretch__zqca9tu flex_flexStyle_variants_align_stretch__zqca9t9 flex_flexStyle_direction_column__zqca9tk flex_flexStyle_gap_100__zqca9ty flex_flexStyle_variants_gap_100__zqca9td flex_flexStyle_justify_flexStart__zqca9tl flex_flexStyle_variants_justify_flexStart__zqca9t0"
    >
      <h2
        class="text_textStyle__1djq151e text_textStyle_color_currentColor__1djq151i text_textStyle_variants_color_currentColor__1djq1513 text_textStyle_size_500__1djq151p text_textStyle_variants_size_500__1djq151a text_textStyle_weight_bold__1djq151t"
      >
        About Me
      </h2>
      <div
        class="flex_flexStyle__zqca9ti flex_flexStyle_align_stretch__zqca9tu flex_flexStyle_variants_align_stretch__zqca9t9 flex_flexStyle_direction_column__zqca9tk flex_flexStyle_gap_200__zqca9tz flex_flexStyle_variants_gap_200__zqca9te flex_flexStyle_justify_flexStart__zqca9tl flex_flexStyle_variants_justify_flexStart__zqca9t0"
      >
        <div
          class="flex_flexStyle__zqca9ti flex_flexStyle_align_stretch__zqca9tu flex_flexStyle_variants_align_stretch__zqca9t9 flex_flexStyle_direction_row__zqca9tj flex_flexStyle_gap_200__zqca9tz flex_flexStyle_variants_gap_200__zqca9te flex_flexStyle_justify_flexStart__zqca9tl flex_flexStyle_variants_justify_flexStart__zqca9t0"
        >
          <img
            alt="me"
            class="about-me_aboutMeImageStyle__gjpojs0"
            data-nimg="1"
            decoding="async"
            height="40"
            loading="lazy"
            src="/_next/image?url=%2Fimg.jpg&w=96&q=75"
            srcset="/_next/image?url=%2Fimg.jpg&w=48&q=75 1x, /_next/image?url=%2Fimg.jpg&w=96&q=75 2x"
            style="color: transparent;"
            width="40"
          />
          <div
            class="flex_flexStyle__zqca9ti flex_flexStyle_align_stretch__zqca9tu flex_flexStyle_variants_align_stretch__zqca9t9 flex_flexStyle_direction_column__zqca9tk flex_flexStyle_gap_100__zqca9ty flex_flexStyle_variants_gap_100__zqca9td flex_flexStyle_justify_flexStart__zqca9tl flex_flexStyle_variants_justify_flexStart__zqca9t0"
          >
            <h3
              class="text_textStyle__1djq151e text_textStyle_color_currentColor__1djq151i text_textStyle_variants_color_currentColor__1djq1513 text_textStyle_size_400__1djq151o text_textStyle_variants_size_400__1djq1519 text_textStyle_weight_bold__1djq151t"
            >
              syakoo
            </h3>
            <ul
              class="flex_flexStyle__zqca9ti flex_flexStyle_align_stretch__zqca9tu flex_flexStyle_variants_align_stretch__zqca9t9 flex_flexStyle_direction_row__zqca9tj flex_flexStyle_gap_100__zqca9ty flex_flexStyle_variants_gap_100__zqca9td flex_flexStyle_justify_flexStart__zqca9tl flex_flexStyle_variants_justify_flexStart__zqca9t0"
            >
              <li>
                <a
                  class="link_linkStyle__1vz8ftz0"
                  href="https://github.com/syakoo"
                >
                  <div
                    class="links_linkStyle__1grgam80"
                    title="Github"
                  >
                    <img
                      alt="Github"
                      class="links_linkImageStyle__1grgam81"
                      data-nimg="1"
                      decoding="async"
                      height="40"
                      loading="lazy"
                      src="/_next/image?url=%2Fimg.jpg&w=96&q=75"
                      srcset="/_next/image?url=%2Fimg.jpg&w=48&q=75 1x, /_next/image?url=%2Fimg.jpg&w=96&q=75 2x"
                      style="color: transparent;"
                      width="40"
                    />
                  </div>
                </a>
              </li>
              <li>
                <a
                  class="link_linkStyle__1vz8ftz0"
                  href="https://twitter.com/sako_data"
                >
                  <div
                    class="links_linkStyle__1grgam80"
                    title="X (Twitter)"
                  >
                    <img
                      alt="X (Twitter)"
                      class="links_linkImageStyle__1grgam81"
                      data-nimg="1"
                      decoding="async"
                      height="40"
                      loading="lazy"
                      src="/_next/image?url=%2Fimg.jpg&w=96&q=75"
                      srcset="/_next/image?url=%2Fimg.jpg&w=48&q=75 1x, /_next/image?url=%2Fimg.jpg&w=96&q=75 2x"
                      style="color: transparent;"
                      width="40"
                    />
                  </div>
                </a>
              </li>
              <li>
                <a
                  class="link_linkStyle__1vz8ftz0"
                  href="https://leetcode.com/syakoo/"
                >
                  <div
                    class="links_linkStyle__1grgam80"
                    title="LeetCode"
                  >
                    <img
                      alt="LeetCode"
                      class="links_linkImageStyle__1grgam81"
                      data-nimg="1"
                      decoding="async"
                      height="40"
                      loading="lazy"
                      src="/_next/image?url=%2Fimg.jpg&w=96&q=75"
                      srcset="/_next/image?url=%2Fimg.jpg&w=48&q=75 1x, /_next/image?url=%2Fimg.jpg&w=96&q=75 2x"
                      style="color: transparent;"
                      width="40"
                    />
                  </div>
                </a>
              </li>
              <li>
                <a
                  class="link_linkStyle__1vz8ftz0"
                  href="https://steamcommunity.com/profiles/76561198944381322/"
                >
                  <div
                    class="links_linkStyle__1grgam80"
                    title="Steam"
                  >
                    <img
                      alt="Steam"
                      class="links_linkImageStyle__1grgam81"
                      data-nimg="1"
                      decoding="async"
                      height="40"
                      loading="lazy"
                      src="/_next/image?url=%2Fimg.jpg&w=96&q=75"
                      srcset="/_next/image?url=%2Fimg.jpg&w=48&q=75 1x, /_next/image?url=%2Fimg.jpg&w=96&q=75 2x"
                      style="color: transparent;"
                      width="40"
                    />
                  </div>
                </a>
              </li>
              <li>
                <a
                  class="link_linkStyle__1vz8ftz0"
                  href="https://atcoder.jp/users/syakoo"
                >
                  <div
                    class="links_linkStyle__1grgam80"
                    title="AtCoder"
                  >
                    <img
                      alt="AtCoder"
                      class="links_linkImageStyle__1grgam81"
                      data-nimg="1"
                      decoding="async"
                      height="40"
                      loading="lazy"
                      src="/_next/image?url=%2Fimg.jpg&w=96&q=75"
                      srcset="/_next/image?url=%2Fimg.jpg&w=48&q=75 1x, /_next/image?url=%2Fimg.jpg&w=96&q=75 2x"
                      style="color: transparent;"
                      width="40"
                    />
                  </div>
                </a>
              </li>
            </ul>
          </div>
        </div>
        <p
          class="text_textStyle__1djq151e text_textStyle_color_currentColor__1djq151i text_textStyle_variants_color_currentColor__1djq1513 text_textStyle_size_100__1djq151l text_textStyle_variants_size_100__1djq1516 text_textStyle_weight_normal__1djq151u"
        >
          気分駆動フロントエンドエンジニア。言語・フレームワーク仕様よりは設計やアルゴリズムなどの抽象的な部分に興味があります。
        </p>
      </div>
    </section>
  </div>
</body>
`;
