// Jest Snapshot v1, https://goo.gl/fbAQLP

exports[`ArtList スナップショット Sample 1`] = `
<body>
  <div>
    <section
      class="container_containerStyle__s76bfe3 container_containerStyle_size_100__s76bfe5 container_containerStyle_variants_size_100__s76bfe1 container_containerStyle_center_true__s76bfe7 container_containerStyle_paddingX_200__s76bfe13 padding_paddingXVariants_200__409uzlv container_containerStyle_paddingY_400__s76bfe1c padding_paddingYVariants_400__409uzl14"
    >
      <div
        class="flex_flexStyle__12xne02i flex_flexStyle_align_stretch__12xne02u flex_flexStyle_variants_align_stretch__12xne029 flex_flexStyle_direction_column__12xne02k flex_flexStyle_gap_200__12xne02z flex_flexStyle_variants_gap_200__12xne02e flex_flexStyle_justify_flexStart__12xne02l flex_flexStyle_variants_justify_flexStart__12xne020"
      >
        <h2
          class="text_textStyle__xbx8xue text_textStyle_color_currentColor__xbx8xui text_textStyle_variants_color_currentColor__xbx8xu3 text_textStyle_size_500__xbx8xup text_textStyle_variants_size_500__xbx8xua text_textStyle_weight_bold__xbx8xut"
        >
          Arts
        </h2>
        <ul
          class="art-list_artListStyles_listContainer__1pm7k940"
        >
          <li
            class="fade-in_fadeInStyle__mal1bb1"
            style="animation-duration: 0.5s; animation-delay: 0s;"
          >
            <article
              class="flex_flexStyle__12xne02i flex_flexStyle_align_stretch__12xne02u flex_flexStyle_variants_align_stretch__12xne029 flex_flexStyle_direction_column__12xne02k flex_flexStyle_gap_50__12xne02x flex_flexStyle_variants_gap_50__12xne02c flex_flexStyle_justify_flexStart__12xne02l flex_flexStyle_variants_justify_flexStart__12xne020"
            >
              <div>
                <a
                  class="link_linkStyle__jc9bkl0 link_linkStyle_display_block__jc9bkl4"
                  href="/arts/sample-id-1"
                >
                  <img
                    alt="Sample Art Title"
                    class="art-gallery-item_artGalleryItemStyles_image__1jhogya0"
                    data-nimg="1"
                    decoding="async"
                    height="1500"
                    loading="lazy"
                    src="/_next/image?url=https%3A%2F%2Fplacehold.jp%2F3063D4%2Fffffff%2F2000x1500.png&w=3840&q=75"
                    srcset="/_next/image?url=https%3A%2F%2Fplacehold.jp%2F3063D4%2Fffffff%2F2000x1500.png&w=3840&q=75 1x"
                    style="color: transparent;"
                    width="2500"
                  />
                </a>
              </div>
              <div
                class="flex_flexStyle__12xne02i flex_flexStyle_align_center__12xne02s flex_flexStyle_variants_align_center__12xne027 flex_flexStyle_direction_row__12xne02j flex_flexStyle_gap_100__12xne02y flex_flexStyle_variants_gap_100__12xne02d flex_flexStyle_justify_spaceBetween__12xne02o flex_flexStyle_variants_justify_spaceBetween__12xne023"
              >
                <div
                  class="art-gallery-item_artGalleryItemStyles_titleWrapper__1jhogya1"
                >
                  <h3
                    class="text_textStyle__xbx8xue text_textStyle_color_currentColor__xbx8xui text_textStyle_variants_color_currentColor__xbx8xu3 text_textStyle_size_75__xbx8xuk text_textStyle_variants_size_75__xbx8xu5 text_textStyle_weight_bold__xbx8xut"
                  >
                    Sample Art Title
                  </h3>
                </div>
                <div
                  class="flex_flexItemStyle__12xne0219 flex_flexItemStyle_shrink_0__12xne021a"
                >
                  <div
                    class="art-gallery-item_artGalleryItemStyles_heartButtonWrapper__1jhogya2"
                  >
                    <button
                      aria-label="heart button"
                      class="heart-button_heartButtonStyles_root__gy39e23"
                      type="button"
                    >
                      <div
                        class="heart-button_heartButtonStyles_iconWrapper__gy39e24"
                      >
                        <svg
                          fill="none"
                          stroke="currentColor"
                          stroke-width="1.5"
                          viewBox="0 0 24 24"
                          xmlns="http://www.w3.org/2000/svg"
                        >
                          <path
                            d="M21 8.25c0-2.485-2.099-4.5-4.688-4.5-1.935 0-3.597 1.126-4.312 2.733-.715-1.607-2.377-2.733-4.313-2.733C5.1 3.75 3 5.765 3 8.25c0 7.22 9 12 9 12s9-4.78 9-12z"
                            stroke-linecap="round"
                            stroke-linejoin="round"
                          />
                        </svg>
                      </div>
                    </button>
                  </div>
                </div>
              </div>
            </article>
          </li>
          <li
            class="fade-in_fadeInStyle__mal1bb1"
            style="animation-duration: 0.5s; animation-delay: 0.05s;"
          >
            <article
              class="flex_flexStyle__12xne02i flex_flexStyle_align_stretch__12xne02u flex_flexStyle_variants_align_stretch__12xne029 flex_flexStyle_direction_column__12xne02k flex_flexStyle_gap_50__12xne02x flex_flexStyle_variants_gap_50__12xne02c flex_flexStyle_justify_flexStart__12xne02l flex_flexStyle_variants_justify_flexStart__12xne020"
            >
              <div>
                <a
                  class="link_linkStyle__jc9bkl0 link_linkStyle_display_block__jc9bkl4"
                  href="/arts/sample-id-2"
                >
                  <img
                    alt="Sample Art Title 2"
                    class="art-gallery-item_artGalleryItemStyles_image__1jhogya0"
                    data-nimg="1"
                    decoding="async"
                    height="1500"
                    loading="lazy"
                    src="/_next/image?url=https%3A%2F%2Fplacehold.jp%2F3063D4%2Fffffff%2F2500x1500.png&w=3840&q=75"
                    srcset="/_next/image?url=https%3A%2F%2Fplacehold.jp%2F3063D4%2Fffffff%2F2500x1500.png&w=3840&q=75 1x"
                    style="color: transparent;"
                    width="2500"
                  />
                </a>
              </div>
              <div
                class="flex_flexStyle__12xne02i flex_flexStyle_align_center__12xne02s flex_flexStyle_variants_align_center__12xne027 flex_flexStyle_direction_row__12xne02j flex_flexStyle_gap_100__12xne02y flex_flexStyle_variants_gap_100__12xne02d flex_flexStyle_justify_spaceBetween__12xne02o flex_flexStyle_variants_justify_spaceBetween__12xne023"
              >
                <div
                  class="art-gallery-item_artGalleryItemStyles_titleWrapper__1jhogya1"
                >
                  <h3
                    class="text_textStyle__xbx8xue text_textStyle_color_currentColor__xbx8xui text_textStyle_variants_color_currentColor__xbx8xu3 text_textStyle_size_75__xbx8xuk text_textStyle_variants_size_75__xbx8xu5 text_textStyle_weight_bold__xbx8xut"
                  >
                    Sample Art Title 2
                  </h3>
                </div>
                <div
                  class="flex_flexItemStyle__12xne0219 flex_flexItemStyle_shrink_0__12xne021a"
                >
                  <div
                    class="art-gallery-item_artGalleryItemStyles_heartButtonWrapper__1jhogya2"
                  >
                    <button
                      aria-label="heart button"
                      class="heart-button_heartButtonStyles_root__gy39e23"
                      type="button"
                    >
                      <div
                        class="heart-button_heartButtonStyles_iconWrapper__gy39e24"
                      >
                        <svg
                          fill="none"
                          stroke="currentColor"
                          stroke-width="1.5"
                          viewBox="0 0 24 24"
                          xmlns="http://www.w3.org/2000/svg"
                        >
                          <path
                            d="M21 8.25c0-2.485-2.099-4.5-4.688-4.5-1.935 0-3.597 1.126-4.312 2.733-.715-1.607-2.377-2.733-4.313-2.733C5.1 3.75 3 5.765 3 8.25c0 7.22 9 12 9 12s9-4.78 9-12z"
                            stroke-linecap="round"
                            stroke-linejoin="round"
                          />
                        </svg>
                      </div>
                    </button>
                  </div>
                </div>
              </div>
            </article>
          </li>
          <li
            class="fade-in_fadeInStyle__mal1bb1"
            style="animation-duration: 0.5s; animation-delay: 0.1s;"
          >
            <article
              class="flex_flexStyle__12xne02i flex_flexStyle_align_stretch__12xne02u flex_flexStyle_variants_align_stretch__12xne029 flex_flexStyle_direction_column__12xne02k flex_flexStyle_gap_50__12xne02x flex_flexStyle_variants_gap_50__12xne02c flex_flexStyle_justify_flexStart__12xne02l flex_flexStyle_variants_justify_flexStart__12xne020"
            >
              <div>
                <a
                  class="link_linkStyle__jc9bkl0 link_linkStyle_display_block__jc9bkl4"
                  href="/arts/sample-id-3"
                >
                  <img
                    alt="Sample Art Title 3"
                    class="art-gallery-item_artGalleryItemStyles_image__1jhogya0"
                    data-nimg="1"
                    decoding="async"
                    height="2000"
                    loading="lazy"
                    src="/_next/image?url=https%3A%2F%2Fplacehold.jp%2F3063D4%2Fffffff%2F1500x2000.png&w=3840&q=75"
                    srcset="/_next/image?url=https%3A%2F%2Fplacehold.jp%2F3063D4%2Fffffff%2F1500x2000.png&w=1920&q=75 1x, /_next/image?url=https%3A%2F%2Fplacehold.jp%2F3063D4%2Fffffff%2F1500x2000.png&w=3840&q=75 2x"
                    style="color: transparent;"
                    width="1500"
                  />
                </a>
              </div>
              <div
                class="flex_flexStyle__12xne02i flex_flexStyle_align_center__12xne02s flex_flexStyle_variants_align_center__12xne027 flex_flexStyle_direction_row__12xne02j flex_flexStyle_gap_100__12xne02y flex_flexStyle_variants_gap_100__12xne02d flex_flexStyle_justify_spaceBetween__12xne02o flex_flexStyle_variants_justify_spaceBetween__12xne023"
              >
                <div
                  class="art-gallery-item_artGalleryItemStyles_titleWrapper__1jhogya1"
                >
                  <h3
                    class="text_textStyle__xbx8xue text_textStyle_color_currentColor__xbx8xui text_textStyle_variants_color_currentColor__xbx8xu3 text_textStyle_size_75__xbx8xuk text_textStyle_variants_size_75__xbx8xu5 text_textStyle_weight_bold__xbx8xut"
                  >
                    Sample Art Title 3
                  </h3>
                </div>
                <div
                  class="flex_flexItemStyle__12xne0219 flex_flexItemStyle_shrink_0__12xne021a"
                >
                  <div
                    class="art-gallery-item_artGalleryItemStyles_heartButtonWrapper__1jhogya2"
                  >
                    <button
                      aria-label="heart button"
                      class="heart-button_heartButtonStyles_root__gy39e23"
                      type="button"
                    >
                      <div
                        class="heart-button_heartButtonStyles_iconWrapper__gy39e24"
                      >
                        <svg
                          fill="none"
                          stroke="currentColor"
                          stroke-width="1.5"
                          viewBox="0 0 24 24"
                          xmlns="http://www.w3.org/2000/svg"
                        >
                          <path
                            d="M21 8.25c0-2.485-2.099-4.5-4.688-4.5-1.935 0-3.597 1.126-4.312 2.733-.715-1.607-2.377-2.733-4.313-2.733C5.1 3.75 3 5.765 3 8.25c0 7.22 9 12 9 12s9-4.78 9-12z"
                            stroke-linecap="round"
                            stroke-linejoin="round"
                          />
                        </svg>
                      </div>
                    </button>
                  </div>
                </div>
              </div>
            </article>
          </li>
        </ul>
      </div>
    </section>
  </div>
</body>
`;
