// Jest Snapshot v1, https://goo.gl/fbAQLP

exports[`Image renders Sample 1`] = `
<body>
  <div>
    <figure
      class="Image_figureStyle__a2vf3b0"
    >
      <img
        alt="Sample Caption"
        height="300"
        src="https://placehold.jp/3063D4/ffffff/400x300.png"
        width="400"
      />
      <figcaption
        class="Image_figureCaptionStyle__a2vf3b1"
      >
        Sample Caption
      </figcaption>
    </figure>
  </div>
</body>
`;
