// Jest Snapshot v1, https://goo.gl/fbAQLP

exports[`Scrap renders Sample 1`] = `
<body>
  <div>
    <article
      class="Scrap_scrapStyles_root__19bnvd70"
    >
      <div
        class="Scrap_scrapStyles_dateWrapper__19bnvd71"
      >
        <time>
          2020-10-23
        </time>
      </div>
      <div
        class="Scrap_scrapStyles_body__19bnvd72"
      >
        <div
          style="border: 1px solid #3063d4; border-radius: 8px; padding: 24px;"
        >
          Children
        </div>
      </div>
    </article>
  </div>
</body>
`;
