// Vitest Snapshot v1, https://vitest.dev/guide/snapshot.html

exports[`Links > スナップショット Sample 1`] = `
<body>
  <div>
    <ul
      class="flex_flexStyle__zqca9ti flex_flexStyle_align_stretch__zqca9tu flex_flexStyle_variants_align_stretch__zqca9t9 flex_flexStyle_direction_row__zqca9tj flex_flexStyle_gap_100__zqca9ty flex_flexStyle_variants_gap_100__zqca9td flex_flexStyle_justify_flexStart__zqca9tl flex_flexStyle_variants_justify_flexStart__zqca9t0"
    >
      <li>
        <a
          class="link_linkStyle__1vz8ftz0"
          href="#"
        >
          <div
            class="links_linkStyle__1grgam80"
            title="Name1"
          >
            <img
              alt="Name1"
              class="links_linkImageStyle__1grgam81"
              height="50"
              src="https://placehold.jp/3063D4/ffffff/50x50.png"
              width="50"
            />
          </div>
        </a>
      </li>
      <li>
        <a
          class="link_linkStyle__1vz8ftz0"
          href="#"
        >
          <div
            class="links_linkStyle__1grgam80"
            title="Name2"
          >
            <img
              alt="Name2"
              class="links_linkImageStyle__1grgam81"
              height="50"
              src="https://placehold.jp/294e80/ffffff/50x50.png"
              width="50"
            />
          </div>
        </a>
      </li>
      <li>
        <a
          class="link_linkStyle__1vz8ftz0"
          href="#"
        >
          <div
            class="links_linkStyle__1grgam80"
            title="Name3"
          >
            <img
              alt="Name3"
              class="links_linkImageStyle__1grgam81"
              height="100"
              src="https://placehold.jp/00ABEE/ffffff/100x100.png"
              width="100"
            />
          </div>
        </a>
      </li>
    </ul>
  </div>
</body>
`;
