// Jest Snapshot v1, https://goo.gl/fbAQLP

exports[`PageNotFound スナップショット Sample 1`] = `
<body>
  <div>
    <section>
      <header
        class="flex_flexStyle__zqca9ti flex_flexStyle_align_flexEnd__zqca9tt flex_flexStyle_variants_align_flexEnd__zqca9t8 flex_flexStyle_direction_row__zqca9tj flex_flexStyle_gap_300__zqca9t10 flex_flexStyle_variants_gap_300__zqca9tf flex_flexStyle_justify_flexStart__zqca9tl flex_flexStyle_variants_justify_flexStart__zqca9t0"
      >
        <div
          class="page-not-found_errorCodeStyles__1vyb5tk0"
        >
          404
        </div>
        <div>
          <h1
            class="text_textStyle__1djq151e text_textStyle_color_currentColor__1djq151i text_textStyle_variants_color_currentColor__1djq1513 text_textStyle_size_500__1djq151p text_textStyle_variants_size_500__1djq151a text_textStyle_weight_bold__1djq151t"
          >
            Not Found
          </h1>
          <div
            aria-hidden="true"
            class="spacer__jsmiqpe spacer_spacerStyle_y_50__jsmiqpn spacer_spacerStyle_variants_y_50__jsmiqp8"
          />
        </div>
      </header>
      <div>
        <span
          class="text_textStyle__1djq151e text_textStyle_color_currentColor__1djq151i text_textStyle_variants_color_currentColor__1djq1513 text_textStyle_size_100__1djq151l text_textStyle_variants_size_100__1djq1516 text_textStyle_weight_normal__1djq151u"
        >
          ページが見つかりませんでした。正しいURLかもう一度お確かめください。
        </span>
        <a
          class="link_linkStyle__1vz8ftz0 link_linkStyle_colored_true__1vz8ftz1"
          href="/"
        >
          Home に戻る
        </a>
      </div>
    </section>
  </div>
</body>
`;
