// Jest Snapshot v1, https://goo.gl/fbAQLP

exports[`PageNotFound スナップショット Sample 1`] = `
<body>
  <div>
    <section>
      <header
        class="flex_flexStyle__12xne02i flex_flexStyle_align_flexEnd__12xne02t flex_flexStyle_variants_align_flexEnd__12xne028 flex_flexStyle_direction_row__12xne02j flex_flexStyle_gap_300__12xne0210 flex_flexStyle_variants_gap_300__12xne02f flex_flexStyle_justify_flexStart__12xne02l flex_flexStyle_variants_justify_flexStart__12xne020"
      >
        <div
          class="page-not-found_errorCodeStyles__1vyb5tk0"
        >
          404
        </div>
        <div>
          <h1
            class="text_textStyle__xbx8xue text_textStyle_color_currentColor__xbx8xui text_textStyle_variants_color_currentColor__xbx8xu3 text_textStyle_size_500__xbx8xup text_textStyle_variants_size_500__xbx8xua text_textStyle_weight_bold__xbx8xut"
          >
            Not Found
          </h1>
          <div
            aria-hidden="true"
            class="spacer__1k4u8xae spacer_spacerStyle_y_50__1k4u8xan spacer_spacerStyle_variants_y_50__1k4u8xa8"
          />
        </div>
      </header>
      <div>
        <span
          class="text_textStyle__xbx8xue text_textStyle_color_currentColor__xbx8xui text_textStyle_variants_color_currentColor__xbx8xu3 text_textStyle_size_100__xbx8xul text_textStyle_variants_size_100__xbx8xu6 text_textStyle_weight_normal__xbx8xuu"
        >
          ページが見つかりませんでした。正しいURLかもう一度お確かめください。
        </span>
        <a
          class="link_linkStyle__jc9bkl0 link_linkStyle_colored_true__jc9bkl1"
          href="/"
        >
          Home に戻る
        </a>
      </div>
    </section>
  </div>
</body>
`;
