// Jest Snapshot v1, https://goo.gl/fbAQLP

exports[`WorkBlock スナップショット Sample 1`] = `
<body>
  <div>
    <article
      class="flex_flexStyle__zqca9ti flex_flexStyle_align_flexStart__zqca9tr flex_flexStyle_variants_align_flexStart__zqca9t6 flex_flexStyle_direction_row__zqca9tj flex_flexStyle_gap_100__zqca9ty flex_flexStyle_variants_gap_100__zqca9td flex_flexStyle_justify_flexStart__zqca9tl flex_flexStyle_variants_justify_flexStart__zqca9t0"
    >
      <div
        class="work-block_workBlockStyle_imageWrapper__hj1vbu1"
      >
        <img
          alt=""
          class="work-block_workBlockStyle_image__hj1vbu2"
          data-nimg="1"
          decoding="async"
          height="50"
          loading="lazy"
          src="/_next/image?url=https%3A%2F%2Fplacehold.jp%2F3063D4%2Fffffff%2F50x50.png&w=128&q=75"
          srcset="/_next/image?url=https%3A%2F%2Fplacehold.jp%2F3063D4%2Fffffff%2F50x50.png&w=64&q=75 1x, /_next/image?url=https%3A%2F%2Fplacehold.jp%2F3063D4%2Fffffff%2F50x50.png&w=128&q=75 2x"
          style="color: transparent;"
          width="50"
        />
      </div>
      <div
        class="flex_flexItemStyle__zqca9t19 flex_flexItemStyle_grow_1__zqca9t1d"
      >
        <div
          class="work-block_workBlockStyle_body__hj1vbu0"
        >
          <h3
            class="text_textStyle__1djq151e text_textStyle_color_currentColor__1djq151i text_textStyle_variants_color_currentColor__1djq1513 text_textStyle_size_300__1djq151n text_textStyle_variants_size_300__1djq1518 text_textStyle_weight_bold__1djq151t"
          >
            <a
              class="link_linkStyle__1vz8ftz0"
              href="#"
            >
              Work Name
            </a>
          </h3>
          <div>
            <div>
              ここに作品の説明文が入ります。
            </div>
            <div
              class="flex_flexStyle__zqca9ti flex_flexStyle_align_stretch__zqca9tu flex_flexStyle_variants_align_stretch__zqca9t9 flex_flexStyle_direction_row__zqca9tj flex_flexStyle_gap_25__zqca9tw flex_flexStyle_variants_gap_25__zqca9tb flex_flexStyle_justify_flexStart__zqca9tl flex_flexStyle_variants_justify_flexStart__zqca9t0"
            >
              <span
                class="text_textStyle__1djq151e text_textStyle_color_secondary__1djq151g text_textStyle_variants_color_secondary__1djq1511 text_textStyle_size_50__1djq151j text_textStyle_variants_size_50__1djq1514 text_textStyle_weight_normal__1djq151u"
              >
                released: 
                2023-10-03
                , repo:
                 
                <a
                  class="link_linkStyle__1vz8ftz0 link_linkStyle_underlined_true__1vz8ftz2"
                  href="https://github.com/syakoo"
                >
                  syakoo
                </a>
              </span>
            </div>
          </div>
        </div>
      </div>
    </article>
  </div>
</body>
`;
