// Jest Snapshot v1, https://goo.gl/fbAQLP

exports[`WorkBlock スナップショット Sample 1`] = `
<body>
  <div>
    <article
      class="flex_flexStyle__12xne02i flex_flexStyle_align_flexStart__12xne02r flex_flexStyle_variants_align_flexStart__12xne026 flex_flexStyle_direction_row__12xne02j flex_flexStyle_gap_100__12xne02y flex_flexStyle_variants_gap_100__12xne02d flex_flexStyle_justify_flexStart__12xne02l flex_flexStyle_variants_justify_flexStart__12xne020"
    >
      <div
        class="work-block_workBlockStyle_imageWrapper__hj1vbu1"
      >
        <img
          alt=""
          class="work-block_workBlockStyle_image__hj1vbu2"
          data-nimg="1"
          decoding="async"
          height="50"
          loading="lazy"
          src="/_next/image?url=https%3A%2F%2Fplacehold.jp%2F3063D4%2Fffffff%2F50x50.png&w=128&q=75"
          srcset="/_next/image?url=https%3A%2F%2Fplacehold.jp%2F3063D4%2Fffffff%2F50x50.png&w=64&q=75 1x, /_next/image?url=https%3A%2F%2Fplacehold.jp%2F3063D4%2Fffffff%2F50x50.png&w=128&q=75 2x"
          style="color: transparent;"
          width="50"
        />
      </div>
      <div
        class="flex_flexItemStyle__12xne0219 flex_flexItemStyle_grow_1__12xne021d"
      >
        <div
          class="work-block_workBlockStyle_body__hj1vbu0"
        >
          <h3
            class="text_textStyle__xbx8xue text_textStyle_color_currentColor__xbx8xui text_textStyle_variants_color_currentColor__xbx8xu3 text_textStyle_size_300__xbx8xun text_textStyle_variants_size_300__xbx8xu8 text_textStyle_weight_bold__xbx8xut"
          >
            <a
              class="link_linkStyle__jc9bkl0"
              href="#"
            >
              Work Name
            </a>
          </h3>
          <div>
            <div>
              ここに作品の説明文が入ります。
            </div>
            <div
              class="flex_flexStyle__12xne02i flex_flexStyle_align_stretch__12xne02u flex_flexStyle_variants_align_stretch__12xne029 flex_flexStyle_direction_row__12xne02j flex_flexStyle_gap_25__12xne02w flex_flexStyle_variants_gap_25__12xne02b flex_flexStyle_justify_flexStart__12xne02l flex_flexStyle_variants_justify_flexStart__12xne020"
            >
              <span
                class="text_textStyle__xbx8xue text_textStyle_color_secondary__xbx8xug text_textStyle_variants_color_secondary__xbx8xu1 text_textStyle_size_50__xbx8xuj text_textStyle_variants_size_50__xbx8xu4 text_textStyle_weight_normal__xbx8xuu"
              >
                released: 
                2023-10-03
                , repo:
                 
                <a
                  class="link_linkStyle__jc9bkl0 link_linkStyle_underlined_true__jc9bkl2"
                  href="https://github.com/syakoo"
                >
                  syakoo
                </a>
              </span>
            </div>
          </div>
        </div>
      </div>
    </article>
  </div>
</body>
`;
