// Jest Snapshot v1, https://goo.gl/fbAQLP

exports[`Footer スナップショット Sample 1`] = `
<body>
  <div>
    <div
      class="Center_centerStyle__7ojglz0"
    >
      <footer
        class="Container_containerStyle__1b3ljla3 Container_containerStyle_size_200__1b3ljla6 Container_containerStyle_variants_size_200__1b3ljla2 Container_containerStyle_paddingBottom_200__1b3ljlaw padding_paddingBottomVariants_200__1i0pzy6o Container_containerStyle_paddingTop_300__1b3ljlaq padding_paddingTopVariants_300__1i0pzy6i Container_containerStyle_paddingX_200__1b3ljla13 padding_paddingXVariants_200__1i0pzy6v"
      >
        <div
          class="Flex_flexStyle__15ivi84i Flex_flexStyle_align_center__15ivi84s Flex_flexStyle_variants_align_center__15ivi847 Flex_flexStyle_direction_row__15ivi84j Flex_flexStyle_gap_100__15ivi84y Flex_flexStyle_variants_gap_100__15ivi84d Flex_flexStyle_justify_spaceBetween__15ivi84o Flex_flexStyle_variants_justify_spaceBetween__15ivi843 Flex_flexStyle_wrap_true__15ivi8413"
        >
          <span
            class="Text_textStyle__jzpfqde Text_textStyle_color_secondary__jzpfqdg Text_textStyle_variants_color_secondary__jzpfqd1 Text_textStyle_size_100__jzpfqdl Text_textStyle_variants_size_100__jzpfqd6 Text_textStyle_weight_normal__jzpfqdu"
          >
            © 2021 syakoo
          </span>
          <nav>
            <div
              class="Flex_flexStyle__15ivi84i Flex_flexStyle_align_stretch__15ivi84u Flex_flexStyle_variants_align_stretch__15ivi849 Flex_flexStyle_direction_row__15ivi84j Flex_flexStyle_gap_200__15ivi84z Flex_flexStyle_variants_gap_200__15ivi84e Flex_flexStyle_justify_flexStart__15ivi84l Flex_flexStyle_variants_justify_flexStart__15ivi840"
            >
              <a
                class="Link_linkStyle__m4v9430"
                href="/"
              >
                <span
                  class="Text_textStyle__jzpfqde Text_textStyle_color_secondary__jzpfqdg Text_textStyle_variants_color_secondary__jzpfqd1 Text_textStyle_size_100__jzpfqdl Text_textStyle_variants_size_100__jzpfqd6 Text_textStyle_weight_normal__jzpfqdu"
                >
                  Home
                </span>
              </a>
              <a
                class="Link_linkStyle__m4v9430"
                href="/privacy-policy"
              >
                <span
                  class="Text_textStyle__jzpfqde Text_textStyle_color_secondary__jzpfqdg Text_textStyle_variants_color_secondary__jzpfqd1 Text_textStyle_size_100__jzpfqdl Text_textStyle_variants_size_100__jzpfqd6 Text_textStyle_weight_normal__jzpfqdu"
                >
                  Privacy Policy
                </span>
              </a>
              <a
                class="Link_linkStyle__m4v9430"
                href="/terms"
              >
                <span
                  class="Text_textStyle__jzpfqde Text_textStyle_color_secondary__jzpfqdg Text_textStyle_variants_color_secondary__jzpfqd1 Text_textStyle_size_100__jzpfqdl Text_textStyle_variants_size_100__jzpfqd6 Text_textStyle_weight_normal__jzpfqdu"
                >
                  Terms
                </span>
              </a>
            </div>
          </nav>
        </div>
      </footer>
    </div>
  </div>
</body>
`;
