// Vitest Snapshot v1, https://vitest.dev/guide/snapshot.html

exports[`WritingTab > スナップショット Sample 1`] = `
<body>
  <div>
    <div
      class="flex_flexStyle__zqca9ti flex_flexStyle_align_stretch__zqca9tu flex_flexStyle_variants_align_stretch__zqca9t9 flex_flexStyle_direction_row__zqca9tj flex_flexStyle_gap_100__zqca9ty flex_flexStyle_variants_gap_100__zqca9td flex_flexStyle_justify_flexStart__zqca9tl flex_flexStyle_variants_justify_flexStart__zqca9t0"
    >
      <a
        class="link_linkStyle__1vz8ftz0 link_linkStyle_noHovered_true__1vz8ftz3"
        href="/writings"
      >
        <div
          aria-current="true"
          class="writing-tab_writingTabStyle_item__1g56vq60 writing-tab_writingTabStyle_item_active_true__1g56vq61"
        >
          All
        </div>
      </a>
      <a
        class="link_linkStyle__1vz8ftz0"
        href="/writings?type=article"
      >
        <div
          aria-current="false"
          class="writing-tab_writingTabStyle_item__1g56vq60 writing-tab_writingTabStyle_item_active_false__1g56vq62"
        >
          Article
        </div>
      </a>
      <a
        class="link_linkStyle__1vz8ftz0"
        href="/writings?type=note"
      >
        <div
          aria-current="false"
          class="writing-tab_writingTabStyle_item__1g56vq60 writing-tab_writingTabStyle_item_active_false__1g56vq62"
        >
          Note
        </div>
      </a>
      <a
        class="link_linkStyle__1vz8ftz0"
        href="/writings?type=diary"
      >
        <div
          aria-current="false"
          class="writing-tab_writingTabStyle_item__1g56vq60 writing-tab_writingTabStyle_item_active_false__1g56vq62"
        >
          Diary
        </div>
      </a>
    </div>
  </div>
</body>
`;
