// Jest Snapshot v1, https://goo.gl/fbAQLP

exports[`List スナップショット Sample 1`] = `
<body>
  <div>
    <ul
      class="list_listStyles_root__kagjjt0"
    >
      <li
        class="list_listStyles_item__kagjjt1"
      >
        List.Item
      </li>
      <li
        class="list_listStyles_item__kagjjt1"
      >
        List.Item
      </li>
      <li
        class="list_listStyles_item__kagjjt1"
      >
        List.Item
      </li>
    </ul>
  </div>
</body>
`;
