// Jest Snapshot v1, https://goo.gl/fbAQLP

exports[`WritingTypeDescription renders All 1`] = `
<body>
  <div>
    <div>
      <p
        class="Text__jzpfqdd Text_textStyle_color_primary__jzpfqde Text_textStyle_variants_color_primary__jzpfqd0 Text_textStyle_size_100__jzpfqdj Text_textStyle_variants_size_100__jzpfqd5 Text_textStyle_weight_normal__jzpfqds"
      >
        Article は気合いの入った書き物を残しています。
      </p>
      <p
        class="Text__jzpfqdd Text_textStyle_color_primary__jzpfqde Text_textStyle_variants_color_primary__jzpfqd0 Text_textStyle_size_100__jzpfqdj Text_textStyle_variants_size_100__jzpfqd5 Text_textStyle_weight_normal__jzpfqds"
      >
        Note はその時の思いつきやメモなど、アウトプットを目的としています。
      </p>
      <p
        class="Text__jzpfqdd Text_textStyle_color_primary__jzpfqde Text_textStyle_variants_color_primary__jzpfqd0 Text_textStyle_size_100__jzpfqdj Text_textStyle_variants_size_100__jzpfqd5 Text_textStyle_weight_normal__jzpfqds"
      >
        Diary は著者の身の回りで起こったことや全く中身のない話を残しています。
      </p>
    </div>
  </div>
</body>
`;

exports[`WritingTypeDescription renders Sample 1`] = `
<body>
  <div />
</body>
`;
