// Jest Snapshot v1, https://goo.gl/fbAQLP

exports[`TOC renders Sample 1`] = `
<body>
  <div>
    <nav>
      <p
        class="Text_textStyle__jzpfqde Text_textStyle_color_currentColor__jzpfqdi Text_textStyle_variants_color_currentColor__jzpfqd3 Text_textStyle_size_100__jzpfqdl Text_textStyle_variants_size_100__jzpfqd6 Text_textStyle_weight_bold__jzpfqdt"
      >
        目次
      </p>
      <ul
        class="TOC_tocStyles_list__1sduj9u0"
      >
        <li
          class="TOC_tocStyles_item__1sduj9u1"
        >
          <a
            class="Link_linkStyle__m4v9430 Link_linkStyle_noHovered_true__m4v9433 Link_linkStyle_display_block__m4v9434"
            href="#"
          >
            導入
          </a>
        </li>
        <li
          class="TOC_tocStyles_item__1sduj9u1 TOC_tocStyles_item_active_true__1sduj9u2"
        >
          <a
            class="Link_linkStyle__m4v9430 Link_linkStyle_noHovered_true__m4v9433 Link_linkStyle_display_block__m4v9434"
            href="#"
          >
            基本的な概念
          </a>
        </li>
        <li
          class="TOC_tocStyles_item__1sduj9u1"
        >
          <a
            class="Link_linkStyle__m4v9430 Link_linkStyle_noHovered_true__m4v9433 Link_linkStyle_display_block__m4v9434"
            href="#"
          >
            開発環境のセットアップ
          </a>
        </li>
        <li
          class="TOC_tocStyles_item__1sduj9u1"
        >
          <a
            class="Link_linkStyle__m4v9430 Link_linkStyle_noHovered_true__m4v9433 Link_linkStyle_display_block__m4v9434"
            href="#"
          >
            プログラミングの基礎
          </a>
        </li>
      </ul>
    </nav>
  </div>
</body>
`;
