// Vitest Snapshot v1, https://vitest.dev/guide/snapshot.html

exports[`Footer > スナップショット Sample 1`] = `
<body>
  <div>
    <div
      class="center_centerStyle__cloggr0"
    >
      <footer
        class="container_containerStyle__spksue3 container_containerStyle_size_200__spksue6 container_containerStyle_variants_size_200__spksue2 container_containerStyle_paddingBottom_200__spksuew padding_paddingBottomVariants_200__12afe3lo container_containerStyle_paddingTop_300__spksueq padding_paddingTopVariants_300__12afe3li container_containerStyle_paddingX_200__spksue13 padding_paddingXVariants_200__12afe3lv"
      >
        <div
          class="flex_flexStyle__zqca9ti flex_flexStyle_align_center__zqca9ts flex_flexStyle_variants_align_center__zqca9t7 flex_flexStyle_direction_row__zqca9tj flex_flexStyle_gap_100__zqca9ty flex_flexStyle_variants_gap_100__zqca9td flex_flexStyle_justify_spaceBetween__zqca9to flex_flexStyle_variants_justify_spaceBetween__zqca9t3 flex_flexStyle_wrap_true__zqca9t13"
        >
          <span
            class="text_textStyle__1djq151e text_textStyle_color_secondary__1djq151g text_textStyle_variants_color_secondary__1djq1511 text_textStyle_size_100__1djq151l text_textStyle_variants_size_100__1djq1516 text_textStyle_weight_normal__1djq151u"
          >
            © 2021 syakoo
          </span>
          <nav>
            <div
              class="flex_flexStyle__zqca9ti flex_flexStyle_align_stretch__zqca9tu flex_flexStyle_variants_align_stretch__zqca9t9 flex_flexStyle_direction_row__zqca9tj flex_flexStyle_gap_200__zqca9tz flex_flexStyle_variants_gap_200__zqca9te flex_flexStyle_justify_flexStart__zqca9tl flex_flexStyle_variants_justify_flexStart__zqca9t0"
            >
              <a
                class="link_linkStyle__1vz8ftz0"
                href="/"
              >
                <span
                  class="text_textStyle__1djq151e text_textStyle_color_secondary__1djq151g text_textStyle_variants_color_secondary__1djq1511 text_textStyle_size_100__1djq151l text_textStyle_variants_size_100__1djq1516 text_textStyle_weight_normal__1djq151u"
                >
                  Home
                </span>
              </a>
              <a
                class="link_linkStyle__1vz8ftz0"
                href="/privacy-policy"
              >
                <span
                  class="text_textStyle__1djq151e text_textStyle_color_secondary__1djq151g text_textStyle_variants_color_secondary__1djq1511 text_textStyle_size_100__1djq151l text_textStyle_variants_size_100__1djq1516 text_textStyle_weight_normal__1djq151u"
                >
                  Privacy Policy
                </span>
              </a>
              <a
                class="link_linkStyle__1vz8ftz0"
                href="/terms"
              >
                <span
                  class="text_textStyle__1djq151e text_textStyle_color_secondary__1djq151g text_textStyle_variants_color_secondary__1djq1511 text_textStyle_size_100__1djq151l text_textStyle_variants_size_100__1djq1516 text_textStyle_weight_normal__1djq151u"
                >
                  Terms
                </span>
              </a>
            </div>
          </nav>
        </div>
      </footer>
    </div>
  </div>
</body>
`;
