// Vitest Snapshot v1, https://vitest.dev/guide/snapshot.html

exports[`Image > スナップショット Sample 1`] = `
<body>
  <div>
    <figure
      class="image_imageStyles_figure__c4o45q0"
    >
      <img
        alt="Sample Caption"
        class="image_imageStyles_image__c4o45q2"
        height="300"
        src="https://placehold.jp/3063D4/ffffff/400x300.png"
        width="400"
      />
      <figcaption
        class="image_imageStyles_caption__c4o45q1"
      >
        Sample Caption
      </figcaption>
    </figure>
  </div>
</body>
`;
