// Jest Snapshot v1, https://goo.gl/fbAQLP

exports[`ArtSection renders Sample 1`] = `
<body>
  <div>
    <article
      class="ArtSection_artSectionStyles_root__ns3ijg0"
    >
      <div
        class="ArtSection_artSectionStyles_imageWrapper__ns3ijg1"
      >
        <img
          alt="Art Title"
          class="ArtSection_artSectionStyles_image__ns3ijg2"
          data-nimg="1"
          decoding="async"
          height="1500"
          loading="lazy"
          src="/_next/image?url=https%3A%2F%2Fplacehold.jp%2F3063D4%2Fffffff%2F2000x1500.png&w=3840&q=75"
          srcset="/_next/image?url=https%3A%2F%2Fplacehold.jp%2F3063D4%2Fffffff%2F2000x1500.png&w=3840&q=75 1x"
          style="color: transparent;"
          width="2500"
        />
      </div>
      <div
        class="ArtSection_artSectionStyles_body__ns3ijg3"
      >
        <div>
          heart
        </div>
        <div>
          <h2
            class="Text_textStyle__jzpfqde Text_textStyle_color_currentColor__jzpfqdi Text_textStyle_variants_color_currentColor__jzpfqd3 Text_textStyle_size_400__jzpfqdo Text_textStyle_variants_size_400__jzpfqd9 Text_textStyle_weight_bold__jzpfqdt"
          >
            Art Title
          </h2>
          <div
            class="Flex_flexStyle__15ivi84i Flex_flexStyle_align_stretch__15ivi84u Flex_flexStyle_variants_align_stretch__15ivi849 Flex_flexStyle_direction_column__15ivi84k Flex_flexStyle_gap_100__15ivi84y Flex_flexStyle_variants_gap_100__15ivi84d Flex_flexStyle_justify_flexStart__15ivi84l Flex_flexStyle_variants_justify_flexStart__15ivi840"
          >
            <div>
              <p>
                Sample MDX Component
              </p>
              <h2>
                Sample Title
              </h2>
            </div>
            <div>
              <div
                class="Flex_flexStyle__15ivi84i Flex_flexStyle_align_stretch__15ivi84u Flex_flexStyle_variants_align_stretch__15ivi849 Flex_flexStyle_direction_row__15ivi84j Flex_flexStyle_gap_50__15ivi84x Flex_flexStyle_variants_gap_50__15ivi84c Flex_flexStyle_justify_flexStart__15ivi84l Flex_flexStyle_variants_justify_flexStart__15ivi840"
              >
                <p
                  class="Text_textStyle__jzpfqde Text_textStyle_color_secondary__jzpfqdg Text_textStyle_variants_color_secondary__jzpfqd1 Text_textStyle_size_50__jzpfqdj Text_textStyle_variants_size_50__jzpfqd4 Text_textStyle_weight_normal__jzpfqdu"
                >
                  #
                  雑記
                </p>
                <p
                  class="Text_textStyle__jzpfqde Text_textStyle_color_secondary__jzpfqdg Text_textStyle_variants_color_secondary__jzpfqd1 Text_textStyle_size_50__jzpfqdj Text_textStyle_variants_size_50__jzpfqd4 Text_textStyle_weight_normal__jzpfqdu"
                >
                  #
                  Sample
                </p>
              </div>
              <p
                class="Text_textStyle__jzpfqde Text_textStyle_color_secondary__jzpfqdg Text_textStyle_variants_color_secondary__jzpfqd1 Text_textStyle_size_50__jzpfqdj Text_textStyle_variants_size_50__jzpfqd4 Text_textStyle_weight_normal__jzpfqdu"
              >
                2023-10-31
              </p>
            </div>
          </div>
        </div>
      </div>
    </article>
  </div>
</body>
`;
