// Jest Snapshot v1, https://goo.gl/fbAQLP

exports[`Choices スナップショット Sample 1`] = `
<body>
  <div>
    <div
      class="choices_choicesStyle__1ckcsnm0"
    >
      <button
        class="choices_choiceStyle__1ckcsnm1"
      >
        wrong answer
      </button>
      <button
        class="choices_choiceStyle__1ckcsnm1"
      >
        correct answer
      </button>
      <button
        class="choices_choiceStyle__1ckcsnm1"
      >
        wrong answer
      </button>
    </div>
  </div>
</body>
`;
